{"data":
    {"cards":
        {"edges":
            [
                {"node":
                    {"fields":
                        [
                            {"name":"motorista_nome","value":"Luiz Paulo Ribeiro"},
                            {"name":"motorista_cnh","value":"0324073511"},
                            {"name":"motorista_cpf","value":"38220466719"},
                            {"name":"motorista_cnh_uf","value":"RJ"}
                        ]
                    }
                },
                {"node":
                    {"fields":
                        [
                            {"name":"motorista_nome","value":"Luiz Paulo Ribeiro"},
                            {"name":"motorista_cnh","value":"0324073511"},
                            {"name":"motorista_cpf","value":"38220466719"},
                            {"name":"motorista_cnh_uf","value":"RJ"}
                        ]
                    }
                },
                {"node":
                    {"fields":
                        [
                            {"name":"motorista_nome","value":"Luiz Paulo Ribeiro"},
                            {"name":"motorista_cnh","value":"0324073511"},
                            {"name":"motorista_cpf","value":"38220466719"},
                            {"name":"motorista_cnh_uf","value":"RJ"}
                        ]
                    }
                }
            ]
        }
    }
}

